- heading "Моё" [level=1]
- list:
    - listitem:
        - link "Смотреть позже":
            - /url: /my/future/
            - img
    - listitem:
        - link "Подписки":
            - /url: /my/subscriptions/
            - img
    - listitem:
        - link "История просмотра":
            - /url: /my/history/
            - img
    - listitem:
        - link "Плейлисты":
            - /url: /my/playlists/
            - img
    - listitem:
        - link "Комментарии":
            - /url: /my/comments/
            - img
- article:
    - img "bird_looking_for.svg"
    - text: Вы ещё не подписаны ни на один канал
